
[Global Setup] Initializing Parabank database...
[Global Setup] Registering new user: testuser_1773722021729
node.exe : [Global Setup] 
ΓÜá∩╕Å  Registration may 
have failed ΓÇö continuing.
At line:1 char:1
+ & "C:\Program 
Files\nodejs/node.exe" 
"C:\Program 
Files\nodejs/node_mo ...
+ ~~~~~~~~~~~~~~~~~~~~~~~~~
~~~~~~~~~~~~~~~~~~~~~~~~~~~
~~~~~~~~~~~~~~~~~
    + CategoryInfo         
     : NotSpecified: ([Gl  
  obal Setup] ...ΓÇö con   
 tinuing.:String) [], R    
emoteException
    + FullyQualifiedErrorI 
   d : NativeCommandError
 
[Global Setup] Γ£à Saved to testData.json ΓåÆ validUser: testuser_1773722021729
[Global Setup] Γ£à Exported PB_USERNAME=testuser_1773722021729

Running 22 tests using 1 worker

[1A[2K[1/22] [chromium] ΓÇ║ tests\login.spec.ts:7:7 ΓÇ║ Login ΓÇ║ LOG_001 - Successful login with valid credentials
[1A[2K  1) [chromium] ΓÇ║ tests\login.spec.ts:7:7 ΓÇ║ Login ΓÇ║ LOG_001 - Successful login with valid credentials 

    TimeoutError: page.waitForURL: Timeout 10000ms exceeded.
    =========================== logs ===========================
    waiting for navigation to "**/overview.htm" until "load"
    ============================================================

      14 |     await loginPage.login(username, password);
      15 |     // Wait for redirect to the overview page, then assert title
    > 16 |     await page.waitForURL('**/overview.htm', { timeout: 10000 });
         |                ^
      17 |     const title = await page.innerText('.title');
      18 |     expect(title).toBe('Accounts Overview');
      19 |   });
        at C:\Users\chait\parabank_demo\tests\login.spec.ts:16:16

    attachment #1: screenshot (image/png) ΓöÇΓöÇΓöÇΓöÇΓöÇΓöÇΓöÇΓöÇΓöÇΓöÇΓöÇΓöÇΓöÇΓöÇΓöÇΓöÇΓöÇΓöÇΓöÇΓöÇΓöÇΓöÇΓöÇΓöÇΓöÇΓöÇΓöÇΓöÇΓöÇΓöÇΓöÇΓöÇΓöÇΓöÇΓöÇΓöÇΓöÇΓöÇΓöÇΓöÇΓöÇΓöÇΓöÇΓöÇΓöÇΓöÇΓöÇΓöÇΓöÇΓöÇΓöÇΓöÇΓöÇΓöÇΓöÇΓöÇΓöÇΓöÇ
    test-results\login-Login-LOG-001---Succ-79163-ogin-with-valid-credentials-chromium\test-failed-1.png
    ΓöÇΓöÇΓöÇΓöÇΓöÇΓöÇΓöÇΓöÇΓöÇΓöÇΓöÇΓöÇΓöÇΓöÇΓöÇΓöÇΓöÇΓöÇΓöÇΓöÇΓöÇΓöÇΓöÇΓöÇΓöÇΓöÇΓöÇΓöÇΓöÇΓöÇΓöÇΓöÇΓöÇΓöÇΓöÇΓöÇΓöÇΓöÇΓöÇΓöÇΓöÇΓöÇΓöÇΓöÇΓöÇΓöÇΓöÇΓöÇΓöÇΓöÇΓöÇΓöÇΓöÇΓöÇΓöÇΓöÇΓöÇΓöÇΓöÇΓöÇΓöÇΓöÇΓöÇΓöÇΓöÇΓöÇΓöÇΓöÇΓöÇΓöÇΓöÇΓöÇΓöÇΓöÇΓöÇΓöÇΓöÇΓöÇΓöÇΓöÇΓöÇΓöÇΓöÇΓöÇΓöÇΓöÇΓöÇΓöÇΓöÇΓöÇΓöÇΓöÇΓöÇΓöÇΓöÇΓöÇ

    attachment #2: video (video/webm) ΓöÇΓöÇΓöÇΓöÇΓöÇΓöÇΓöÇΓöÇΓöÇΓöÇΓöÇΓöÇΓöÇΓöÇΓöÇΓöÇΓöÇΓöÇΓöÇΓöÇΓöÇΓöÇΓöÇΓöÇΓöÇΓöÇΓöÇΓöÇΓöÇΓöÇΓöÇΓöÇΓöÇΓöÇΓöÇΓöÇΓöÇΓöÇΓöÇΓöÇΓöÇΓöÇΓöÇΓöÇΓöÇΓöÇΓöÇΓöÇΓöÇΓöÇΓöÇΓöÇΓöÇΓöÇΓöÇΓöÇΓöÇΓöÇΓöÇΓöÇΓöÇΓöÇ
    test-results\login-Login-LOG-001---Succ-79163-ogin-with-valid-credentials-chromium\video.webm
    ΓöÇΓöÇΓöÇΓöÇΓöÇΓöÇΓöÇΓöÇΓöÇΓöÇΓöÇΓöÇΓöÇΓöÇΓöÇΓöÇΓöÇΓöÇΓöÇΓöÇΓöÇΓöÇΓöÇΓöÇΓöÇΓöÇΓöÇΓöÇΓöÇΓöÇΓöÇΓöÇΓöÇΓöÇΓöÇΓöÇΓöÇΓöÇΓöÇΓöÇΓöÇΓöÇΓöÇΓöÇΓöÇΓöÇΓöÇΓöÇΓöÇΓöÇΓöÇΓöÇΓöÇΓöÇΓöÇΓöÇΓöÇΓöÇΓöÇΓöÇΓöÇΓöÇΓöÇΓöÇΓöÇΓöÇΓöÇΓöÇΓöÇΓöÇΓöÇΓöÇΓöÇΓöÇΓöÇΓöÇΓöÇΓöÇΓöÇΓöÇΓöÇΓöÇΓöÇΓöÇΓöÇΓöÇΓöÇΓöÇΓöÇΓöÇΓöÇΓöÇΓöÇΓöÇΓöÇΓöÇ

    Error Context: test-results\login-Login-LOG-001---Succ-79163-ogin-with-valid-credentials-chromium\error-context.md


[1A[2K[2/22] [chromium] ΓÇ║ tests\login.spec.ts:21:7 ΓÇ║ Login ΓÇ║ LOG_002 - Login with 'Remember Me' checkbox (if present)
[1A[2K[3/22] [chromium] ΓÇ║ tests\login.spec.ts:27:7 ΓÇ║ Login ΓÇ║ LOG_003 - Login and verify welcome message contains username
[1A[2K[4/22] [chromium] ΓÇ║ tests\login.spec.ts:33:7 ΓÇ║ Login ΓÇ║ LOG_004 - Login then use Logout and verify session ended
[1A[2K[5/22] [chromium] ΓÇ║ tests\login.spec.ts:39:7 ΓÇ║ Login ΓÇ║ LOG_005 - Login from Forgot Login Info page after recovery
[1A[2K[6/22] [chromium] ΓÇ║ tests\login.spec.ts:45:7 ΓÇ║ Login ΓÇ║ LOG_006 - Verify password field is masked
[1A[2K[7/22] [chromium] ΓÇ║ tests\login.spec.ts:51:7 ΓÇ║ Login ΓÇ║ LOG_007 - Login page accessible without authentication
[1A[2K[8/22] [chromium] ΓÇ║ tests\login.spec.ts:57:7 ΓÇ║ Login ΓÇ║ LOG_008 - Successful login with mixed-case username (case-sensitive check)
[1A[2K[9/22] [chromium] ΓÇ║ tests\login.spec.ts:63:7 ΓÇ║ Login ΓÇ║ LOG_009 - Login with blank username and password
[1A[2K[10/22] [chromium] ΓÇ║ tests\login.spec.ts:69:7 ΓÇ║ Login ΓÇ║ LOG_010 - Login with blank username only
[1A[2K[11/22] [chromium] ΓÇ║ tests\login.spec.ts:75:7 ΓÇ║ Login ΓÇ║ LOG_011 - Login with blank password only
[1A[2K[12/22] [chromium] ΓÇ║ tests\login.spec.ts:81:7 ΓÇ║ Login ΓÇ║ LOG_012 - Login with incorrect password
[1A[2K[13/22] [chromium] ΓÇ║ tests\login.spec.ts:87:7 ΓÇ║ Login ΓÇ║ LOG_013 - Login with non-existent username
[1A[2K[14/22] [chromium] ΓÇ║ tests\login.spec.ts:93:7 ΓÇ║ Login ΓÇ║ LOG_014 - Login with correct username but completely wrong password
[1A[2K[15/22] [chromium] ΓÇ║ tests\login.spec.ts:99:7 ΓÇ║ Login ΓÇ║ LOG_015 - SQL injection in username field
[1A[2K[16/22] [chromium] ΓÇ║ tests\login.spec.ts:105:7 ΓÇ║ Login ΓÇ║ LOG_016 - SQL injection in password field
[1A[2K[17/22] [chromium] ΓÇ║ tests\login.spec.ts:111:7 ΓÇ║ Login ΓÇ║ LOG_017 - XSS in username field
[1A[2K[18/22] [chromium] ΓÇ║ tests\login.spec.ts:117:7 ΓÇ║ Login ΓÇ║ LOG_018 - Direct URL access to protected page without login
[1A[2K[19/22] [chromium] ΓÇ║ tests\login.spec.ts:123:7 ΓÇ║ Login ΓÇ║ LOG_019 - Session timeout - access page after long inactivity
[1A[2K[20/22] [chromium] ΓÇ║ tests\login.spec.ts:129:7 ΓÇ║ Login ΓÇ║ LOG_020 - Login with spaces in username
[1A[2K[21/22] [chromium] ΓÇ║ tests\login.spec.ts:135:7 ΓÇ║ Login ΓÇ║ LOG_021 - Login with very long username (500 chars)
[1A[2K[22/22] [chromium] ΓÇ║ tests\login.spec.ts:141:7 ΓÇ║ Login ΓÇ║ LOG_022 - Verify back-button after logout doesn't restore session
[1A[2K  1 failed
    [chromium] ΓÇ║ tests\login.spec.ts:7:7 ΓÇ║ Login ΓÇ║ LOG_001 - Successful login with valid credentials 
  21 passed (23.3s)

[36m  Serving HTML report at http://localhost:63473. Press Ctrl+C to quit.[39m
