tests/registration.spec.ts(8,24): error TS2445: Property 'navigateTo' is protected and only accessible within class 'BasePage' and its subclasses.
tests/registration.spec.ts(11,43): error TS2339: Property 'getSuccessMessage' does not exist on type 'RegisterPage'.
